Copyright 1986-2022 Xilinx, Inc. All Rights Reserved. Copyright 2022-2026 Advanced Micro Devices, Inc. All Rights Reserved.
---------------------------------------------------------------------------------------------------------------------------------------------------------
| Tool Version : Vivado v.2026.1 (win64) Build 6511674 Tue Jun 16 11:02:23 MDT 2026
| Date         : Mon Oct  5 19:49:33 2026
| Host         : DESKTOP-4GB7DVJ running 64-bit major release  (build 9200)
| Command      : report_timing_summary -file C:/FPGA/kan55-baseline-impl/reports/kan55_baseline_fpga_implementation/timing/post_place_timing_summary.rpt
| Design       : fpga_top_pipeline_dot4acc_memopt_h13b_timingopt_t2
| Device       : 7a35t-cpg236
| Speed File   : -1  PRODUCTION 1.23 2018-06-13
| Design State : Fully Placed
---------------------------------------------------------------------------------------------------------------------------------------------------------

Timing Summary Report

------------------------------------------------------------------------------------------------
| Timer Settings
| --------------
------------------------------------------------------------------------------------------------

  Enable Multi Corner Analysis               :  Yes
  Enable Pessimism Removal                   :  Yes
  Pessimism Removal Resolution               :  Nearest Common Node
  Enable Input Delay Default Clock           :  No
  Enable Preset / Clear Arcs                 :  No
  Disable Flight Delays                      :  No
  Ignore I/O Paths                           :  No
  Timing Early Launch at Borrowing Latches   :  No
  Borrow Time for Max Delay Exceptions       :  Yes
  Merge Timing Exceptions                    :  Yes
  Inter-SLR Compensation                     :  Conservative

  Corner  Analyze    Analyze    
  Name    Max Paths  Min Paths  
  ------  ---------  ---------  
  Slow    Yes        Yes        
  Fast    Yes        Yes        


------------------------------------------------------------------------------------------------
| Report Methodology
| ------------------
------------------------------------------------------------------------------------------------

No report available as report_methodology has not been run prior. Run report_methodology on the current design for the summary of methodology violations.



check_timing report

Table of Contents
-----------------
1. checking no_clock (0)
2. checking constant_clock (0)
3. checking pulse_width_clock (0)
4. checking unconstrained_internal_endpoints (0)
5. checking no_input_delay (2)
6. checking no_output_delay (16)
7. checking multiple_clock (0)
8. checking generated_clocks (0)
9. checking loops (0)
10. checking partial_input_delay (0)
11. checking partial_output_delay (0)
12. checking latch_loops (0)

1. checking no_clock (0)
------------------------
 There are 0 register/latch pins with no clock.


2. checking constant_clock (0)
------------------------------
 There are 0 register/latch pins with constant_clock.


3. checking pulse_width_clock (0)
---------------------------------
 There are 0 register/latch pins which need pulse_width check


4. checking unconstrained_internal_endpoints (0)
------------------------------------------------
 There are 0 pins that are not constrained for maximum delay.

 There are 0 pins that are not constrained for maximum delay due to constant clock.


5. checking no_input_delay (2)
------------------------------
 There are 2 input ports with no input delay specified. (HIGH)

 There are 0 input ports with no input delay but user has a false path constraint.


6. checking no_output_delay (16)
--------------------------------
 There are 16 ports with no output delay specified. (HIGH)

 There are 0 ports with no output delay but user has a false path constraint

 There are 0 ports with no output delay but with a timing clock defined on it or propagating through it


7. checking multiple_clock (0)
------------------------------
 There are 0 register/latch pins with multiple clocks.


8. checking generated_clocks (0)
--------------------------------
 There are 0 generated clocks that are not connected to a clock source.


9. checking loops (0)
---------------------
 There are 0 combinational loops in the design.


10. checking partial_input_delay (0)
------------------------------------
 There are 0 input ports with partial input delay specified.


11. checking partial_output_delay (0)
-------------------------------------
 There are 0 ports with partial output delay specified.


12. checking latch_loops (0)
----------------------------
 There are 0 combinational latch loops in the design through latch input



------------------------------------------------------------------------------------------------
| Design Timing Summary
| ---------------------
------------------------------------------------------------------------------------------------

    WNS(ns)      TNS(ns)  TNS Failing Endpoints  TNS Total Endpoints      WHS(ns)      THS(ns)  THS Failing Endpoints  THS Total Endpoints     WPWS(ns)     TPWS(ns)  TPWS Failing Endpoints  TPWS Total Endpoints  
    -------      -------  ---------------------  -------------------      -------      -------  ---------------------  -------------------     --------     --------  ----------------------  --------------------  
      0.016        0.000                      0                 4150        0.042        0.000                      0                 4150        4.876        0.000                       0                  1821  


All user specified timing constraints are met.


------------------------------------------------------------------------------------------------
| Clock Summary
| -------------
------------------------------------------------------------------------------------------------

Clock        Waveform(ns)       Period(ns)      Frequency(MHz)
-----        ------------       ----------      --------------
sys_clk_pin  {0.000 5.376}      10.753          92.997          


------------------------------------------------------------------------------------------------
| Intra Clock Table
| -----------------
------------------------------------------------------------------------------------------------

Clock             WNS(ns)      TNS(ns)  TNS Failing Endpoints  TNS Total Endpoints      WHS(ns)      THS(ns)  THS Failing Endpoints  THS Total Endpoints     WPWS(ns)     TPWS(ns)  TPWS Failing Endpoints  TPWS Total Endpoints  
-----             -------      -------  ---------------------  -------------------      -------      -------  ---------------------  -------------------     --------     --------  ----------------------  --------------------  
sys_clk_pin         0.016        0.000                      0                 4150        0.042        0.000                      0                 4150        4.876        0.000                       0                  1821  


------------------------------------------------------------------------------------------------
| Inter Clock Table
| -----------------
------------------------------------------------------------------------------------------------

From Clock    To Clock          WNS(ns)      TNS(ns)  TNS Failing Endpoints  TNS Total Endpoints      WHS(ns)      THS(ns)  THS Failing Endpoints  THS Total Endpoints  
----------    --------          -------      -------  ---------------------  -------------------      -------      -------  ---------------------  -------------------  


------------------------------------------------------------------------------------------------
| Other Path Groups Table
| -----------------------
------------------------------------------------------------------------------------------------

Path Group    From Clock    To Clock          WNS(ns)      TNS(ns)  TNS Failing Endpoints  TNS Total Endpoints      WHS(ns)      THS(ns)  THS Failing Endpoints  THS Total Endpoints  
----------    ----------    --------          -------      -------  ---------------------  -------------------      -------      -------  ---------------------  -------------------  


------------------------------------------------------------------------------------------------
| Timing Details
| --------------
------------------------------------------------------------------------------------------------


---------------------------------------------------------------------------------------------------
From Clock:  sys_clk_pin
  To Clock:  sys_clk_pin

Setup :            0  Failing Endpoints,  Worst Slack        0.016ns,  Total Violation        0.000ns
Hold  :            0  Failing Endpoints,  Worst Slack        0.042ns,  Total Violation        0.000ns
PW    :            0  Failing Endpoints,  Worst Slack        4.876ns,  Total Violation        0.000ns
---------------------------------------------------------------------------------------------------


Max Delay Paths
--------------------------------------------------------------------------------------
Slack (MET) :             0.016ns  (required time - arrival time)
  Source:                 cpu_inst/data_mem_inst/mem_reg/CLKARDCLK
                            (rising edge-triggered cell RAMB18E1 clocked by sys_clk_pin  {rise@0.000ns fall@5.376ns period=10.753ns})
  Destination:            cpu_inst/ex_mem_reg_reg[alu_result][0]/D
                            (rising edge-triggered cell FDRE clocked by sys_clk_pin  {rise@0.000ns fall@5.376ns period=10.753ns})
  Path Group:             sys_clk_pin
  Path Type:              Setup (Max at Slow Process Corner)
  Requirement:            10.753ns  (sys_clk_pin rise@10.753ns - sys_clk_pin rise@0.000ns)
  Data Path Delay:        10.651ns  (logic 6.791ns (63.759%)  route 3.860ns (36.241%))
  Logic Levels:           5  (DSP48E1=1 LUT3=1 LUT5=2 LUT6=1)
  Clock Path Skew:        -0.079ns (DCD - SCD + CPR)
    Destination Clock Delay (DCD):    4.802ns = ( 15.555 - 10.753 ) 
    Source Clock Delay      (SCD):    5.134ns
    Clock Pessimism Removal (CPR):    0.253ns
  Clock Uncertainty:      0.035ns  ((TSJ^2 + TIJ^2)^1/2 + DJ) / 2 + PE
    Total System Jitter     (TSJ):    0.071ns
    Total Input Jitter      (TIJ):    0.000ns
    Discrete Jitter          (DJ):    0.000ns
    Phase Error              (PE):    0.000ns

    Location             Delay type                Incr(ns)  Path(ns)    Netlist Resource(s)
  -------------------------------------------------------------------    -------------------
                         (clock sys_clk_pin rise edge)
                                                      0.000     0.000 r  <hidden>
    W5                                                0.000     0.000 r  clk
                         net (fo=0)                   0.000     0.000    clk
    W5                   IBUF (Prop_ibuf_I_O)         1.458     1.458 r  clk_IBUF_inst/O
                         net (fo=1, estimated)        1.967     3.425    clk_IBUF
    BUFGCTRL_X0Y0        BUFG (Prop_bufg_I_O)         0.096     3.521 r  clk_IBUF_BUFG_inst/O
                         net (fo=1820, estimated)     1.612     5.134    cpu_inst/data_mem_inst/clk_IBUF_BUFG
    RAMB18_X0Y2          RAMB18E1                                     r  cpu_inst/data_mem_inst/mem_reg/CLKARDCLK
  -------------------------------------------------------------------    -------------------
    RAMB18_X0Y2          RAMB18E1 (Prop_ramb18e1_CLKARDCLK_DOADO[7])
                                                      2.454     7.588 r  cpu_inst/data_mem_inst/mem_reg/DOADO[7]
                         net (fo=4, estimated)        1.024     8.612    cpu_inst/data_mem_inst/read_data[7]
    SLICE_X10Y7          LUT3 (Prop_lut3_I0_O)        0.124     8.736 r  cpu_inst/data_mem_inst/deferred_load_data[7]_i_1/O
                         net (fo=5, estimated)        0.482     9.218    cpu_inst/data_mem_inst/data2[7]
    SLICE_X10Y7          LUT5 (Prop_lut5_I4_O)        0.124     9.342 r  cpu_inst/data_mem_inst/ex_alu_result0_i_1/O
                         net (fo=29, estimated)       0.732    10.074    cpu_inst/A[7]
    DSP48_X0Y3           DSP48E1 (Prop_dsp48e1_A[16]_P[0])
                                                      3.841    13.915 r  cpu_inst/ex_alu_result0/P[0]
                         net (fo=1, estimated)        1.226    15.141    cpu_inst/dot4acc_pipeline_inst/P[0]
    SLICE_X12Y0          LUT6 (Prop_lut6_I0_O)        0.124    15.265 r  cpu_inst/dot4acc_pipeline_inst/ex_mem_reg[alu_result][0]_i_4/O
                         net (fo=1, estimated)        0.396    15.661    cpu_inst/dot4acc_pipeline_inst/ex_mem_reg[alu_result][0]_i_4_n_0
    SLICE_X15Y0          LUT5 (Prop_lut5_I4_O)        0.124    15.785 r  cpu_inst/dot4acc_pipeline_inst/ex_mem_reg[alu_result][0]_i_1/O
                         net (fo=1, routed)           0.000    15.785    cpu_inst/ex_alu_result[0]
    SLICE_X15Y0          FDRE                                         r  cpu_inst/ex_mem_reg_reg[alu_result][0]/D
  -------------------------------------------------------------------    -------------------

                         (clock sys_clk_pin rise edge)
                                                     10.753    10.753 r  <hidden>
    W5                                                0.000    10.753 r  clk
                         net (fo=0)                   0.000    10.753    clk
    W5                   IBUF (Prop_ibuf_I_O)         1.388    12.141 r  clk_IBUF_inst/O
                         net (fo=1, estimated)        1.869    14.010    clk_IBUF
    BUFGCTRL_X0Y0        BUFG (Prop_bufg_I_O)         0.091    14.101 r  clk_IBUF_BUFG_inst/O
                         net (fo=1820, estimated)     1.454    15.555    cpu_inst/clk_IBUF_BUFG
    SLICE_X15Y0          FDRE                                         r  cpu_inst/ex_mem_reg_reg[alu_result][0]/C
                         clock pessimism              0.253    15.807    <hidden>
                         clock uncertainty           -0.035    15.772    <hidden>
    SLICE_X15Y0          FDRE (Setup_fdre_C_D)        0.029    15.801    cpu_inst/ex_mem_reg_reg[alu_result][0]
  -------------------------------------------------------------------
                         required time                         15.801    <hidden>
                         arrival time                         -15.785    <hidden>
  -------------------------------------------------------------------
                         slack                                  0.016    <hidden>





Min Delay Paths
--------------------------------------------------------------------------------------
Slack (MET) :             0.042ns  (arrival time - required time)
  Source:                 cpu_inst/ex_mem_reg_reg[store_data][20]/C
                            (rising edge-triggered cell FDRE clocked by sys_clk_pin  {rise@0.000ns fall@5.376ns period=10.753ns})
  Destination:            cpu_inst/data_mem_inst/mem_reg/DIBDI[2]
                            (rising edge-triggered cell RAMB18E1 clocked by sys_clk_pin  {rise@0.000ns fall@5.376ns period=10.753ns})
  Path Group:             sys_clk_pin
  Path Type:              Hold (Min at Fast Process Corner)
  Requirement:            0.000ns  (sys_clk_pin rise@0.000ns - sys_clk_pin rise@0.000ns)
  Data Path Delay:        0.275ns  (logic 0.141ns (51.265%)  route 0.134ns (48.735%))
  Logic Levels:           0  
  Clock Path Skew:        0.078ns (DCD - SCD - CPR)
    Destination Clock Delay (DCD):    2.195ns
    Source Clock Delay      (SCD):    1.649ns
    Clock Pessimism Removal (CPR):    0.468ns

    Location             Delay type                Incr(ns)  Path(ns)    Netlist Resource(s)
  -------------------------------------------------------------------    -------------------
                         (clock sys_clk_pin rise edge)
                                                      0.000     0.000 r  <hidden>
    W5                                                0.000     0.000 r  clk
                         net (fo=0)                   0.000     0.000    clk
    W5                   IBUF (Prop_ibuf_I_O)         0.226     0.226 r  clk_IBUF_inst/O
                         net (fo=1, estimated)        0.829     1.056    clk_IBUF
    BUFGCTRL_X0Y0        BUFG (Prop_bufg_I_O)         0.026     1.082 r  clk_IBUF_BUFG_inst/O
                         net (fo=1820, estimated)     0.567     1.649    cpu_inst/clk_IBUF_BUFG
    SLICE_X11Y5          FDRE                                         r  cpu_inst/ex_mem_reg_reg[store_data][20]/C
  -------------------------------------------------------------------    -------------------
    SLICE_X11Y5          FDRE (Prop_fdre_C_Q)         0.141     1.790 r  cpu_inst/ex_mem_reg_reg[store_data][20]/Q
                         net (fo=1, estimated)        0.134     1.924    cpu_inst/data_mem_inst/mem_reg_48[20]
    RAMB18_X0Y2          RAMB18E1                                     r  cpu_inst/data_mem_inst/mem_reg/DIBDI[2]
  -------------------------------------------------------------------    -------------------

                         (clock sys_clk_pin rise edge)
                                                      0.000     0.000 r  <hidden>
    W5                                                0.000     0.000 r  clk
                         net (fo=0)                   0.000     0.000    clk
    W5                   IBUF (Prop_ibuf_I_O)         0.414     0.414 r  clk_IBUF_inst/O
                         net (fo=1, estimated)        0.873     1.287    clk_IBUF
    BUFGCTRL_X0Y0        BUFG (Prop_bufg_I_O)         0.029     1.316 r  clk_IBUF_BUFG_inst/O
                         net (fo=1820, estimated)     0.879     2.195    cpu_inst/data_mem_inst/clk_IBUF_BUFG
    RAMB18_X0Y2          RAMB18E1                                     r  cpu_inst/data_mem_inst/mem_reg/CLKBWRCLK
                         clock pessimism             -0.468     1.727    <hidden>
    RAMB18_X0Y2          RAMB18E1 (Hold_ramb18e1_CLKBWRCLK_DIBDI[2])
                                                      0.155     1.882    cpu_inst/data_mem_inst/mem_reg
  -------------------------------------------------------------------
                         required time                         -1.882    <hidden>
                         arrival time                           1.924    <hidden>
  -------------------------------------------------------------------
                         slack                                  0.042    <hidden>





Pulse Width Checks
--------------------------------------------------------------------------------------
Clock Name:         sys_clk_pin
Waveform(ns):       { 0.000 5.376 }
Period(ns):         10.753
Sources:            { clk }

Check Type        Corner  Lib Pin      Reference Pin  Required(ns)  Actual(ns)  Slack(ns)  Location     Pin
Min Period        n/a     DSP48E1/CLK  n/a            3.884         10.753      6.869      DSP48_X0Y1   cpu_inst/dot4acc_pipeline_inst/product0_reg_reg/CLK
Low Pulse Width   Slow    FDRE/C       n/a            0.500         5.377       4.877      SLICE_X12Y3  cpu_inst/deferred_load_data_reg[0]/C
High Pulse Width  Slow    FDRE/C       n/a            0.500         5.376       4.876      SLICE_X12Y3  cpu_inst/deferred_load_data_reg[0]/C



