Copyright 1986-2022 Xilinx, Inc. All Rights Reserved. Copyright 2022-2026 Advanced Micro Devices, Inc. All Rights Reserved.
--------------------------------------------------------------------------------------------------------------------------------------------------------
| Tool Version : Vivado v.2026.1 (win64) Build 6511674 Tue Jun 16 11:02:23 MDT 2026
| Date         : Mon Oct  5 19:48:26 2026
| Host         : DESKTOP-4GB7DVJ running 64-bit major release  (build 9200)
| Command      : report_timing_summary -file C:/FPGA/kan55-baseline-impl/reports/kan55_baseline_fpga_implementation/timing/synthesis_timing_summary.rpt
| Design       : fpga_top_pipeline_dot4acc_memopt_h13b_timingopt_t2
| Device       : 7a35t-cpg236
| Speed File   : -1  PRODUCTION 1.23 2018-06-13
| Design State : Synthesized
--------------------------------------------------------------------------------------------------------------------------------------------------------

Timing Summary Report

------------------------------------------------------------------------------------------------
| Timer Settings
| --------------
------------------------------------------------------------------------------------------------

  Enable Multi Corner Analysis               :  Yes
  Enable Pessimism Removal                   :  Yes
  Pessimism Removal Resolution               :  Nearest Common Node
  Enable Input Delay Default Clock           :  No
  Enable Preset / Clear Arcs                 :  No
  Disable Flight Delays                      :  No
  Ignore I/O Paths                           :  No
  Timing Early Launch at Borrowing Latches   :  No
  Borrow Time for Max Delay Exceptions       :  Yes
  Merge Timing Exceptions                    :  Yes
  Inter-SLR Compensation                     :  Conservative

  Corner  Analyze    Analyze    
  Name    Max Paths  Min Paths  
  ------  ---------  ---------  
  Slow    Yes        Yes        
  Fast    Yes        Yes        


------------------------------------------------------------------------------------------------
| Report Methodology
| ------------------
------------------------------------------------------------------------------------------------

No report available as report_methodology has not been run prior. Run report_methodology on the current design for the summary of methodology violations.



check_timing report

Table of Contents
-----------------
1. checking no_clock (0)
2. checking constant_clock (0)
3. checking pulse_width_clock (0)
4. checking unconstrained_internal_endpoints (0)
5. checking no_input_delay (2)
6. checking no_output_delay (16)
7. checking multiple_clock (0)
8. checking generated_clocks (0)
9. checking loops (0)
10. checking partial_input_delay (0)
11. checking partial_output_delay (0)
12. checking latch_loops (0)

1. checking no_clock (0)
------------------------
 There are 0 register/latch pins with no clock.


2. checking constant_clock (0)
------------------------------
 There are 0 register/latch pins with constant_clock.


3. checking pulse_width_clock (0)
---------------------------------
 There are 0 register/latch pins which need pulse_width check


4. checking unconstrained_internal_endpoints (0)
------------------------------------------------
 There are 0 pins that are not constrained for maximum delay.

 There are 0 pins that are not constrained for maximum delay due to constant clock.


5. checking no_input_delay (2)
------------------------------
 There are 2 input ports with no input delay specified. (HIGH)

 There are 0 input ports with no input delay but user has a false path constraint.


6. checking no_output_delay (16)
--------------------------------
 There are 16 ports with no output delay specified. (HIGH)

 There are 0 ports with no output delay but user has a false path constraint

 There are 0 ports with no output delay but with a timing clock defined on it or propagating through it


7. checking multiple_clock (0)
------------------------------
 There are 0 register/latch pins with multiple clocks.


8. checking generated_clocks (0)
--------------------------------
 There are 0 generated clocks that are not connected to a clock source.


9. checking loops (0)
---------------------
 There are 0 combinational loops in the design.


10. checking partial_input_delay (0)
------------------------------------
 There are 0 input ports with partial input delay specified.


11. checking partial_output_delay (0)
-------------------------------------
 There are 0 ports with partial output delay specified.


12. checking latch_loops (0)
----------------------------
 There are 0 combinational latch loops in the design through latch input



------------------------------------------------------------------------------------------------
| Design Timing Summary
| ---------------------
------------------------------------------------------------------------------------------------

    WNS(ns)      TNS(ns)  TNS Failing Endpoints  TNS Total Endpoints      WHS(ns)      THS(ns)  THS Failing Endpoints  THS Total Endpoints     WPWS(ns)     TPWS(ns)  TPWS Failing Endpoints  TPWS Total Endpoints  
    -------      -------  ---------------------  -------------------      -------      -------  ---------------------  -------------------     --------     --------  ----------------------  --------------------  
     -1.037     -215.437                    387                 4150        0.139        0.000                      0                 4150        4.876        0.000                       0                  1821  


Timing constraints are not met.


------------------------------------------------------------------------------------------------
| Clock Summary
| -------------
------------------------------------------------------------------------------------------------

Clock        Waveform(ns)       Period(ns)      Frequency(MHz)
-----        ------------       ----------      --------------
sys_clk_pin  {0.000 5.376}      10.753          92.997          


------------------------------------------------------------------------------------------------
| Intra Clock Table
| -----------------
------------------------------------------------------------------------------------------------

Clock             WNS(ns)      TNS(ns)  TNS Failing Endpoints  TNS Total Endpoints      WHS(ns)      THS(ns)  THS Failing Endpoints  THS Total Endpoints     WPWS(ns)     TPWS(ns)  TPWS Failing Endpoints  TPWS Total Endpoints  
-----             -------      -------  ---------------------  -------------------      -------      -------  ---------------------  -------------------     --------     --------  ----------------------  --------------------  
sys_clk_pin        -1.037     -215.437                    387                 4150        0.139        0.000                      0                 4150        4.876        0.000                       0                  1821  


------------------------------------------------------------------------------------------------
| Inter Clock Table
| -----------------
------------------------------------------------------------------------------------------------

From Clock    To Clock          WNS(ns)      TNS(ns)  TNS Failing Endpoints  TNS Total Endpoints      WHS(ns)      THS(ns)  THS Failing Endpoints  THS Total Endpoints  
----------    --------          -------      -------  ---------------------  -------------------      -------      -------  ---------------------  -------------------  


------------------------------------------------------------------------------------------------
| Other Path Groups Table
| -----------------------
------------------------------------------------------------------------------------------------

Path Group    From Clock    To Clock          WNS(ns)      TNS(ns)  TNS Failing Endpoints  TNS Total Endpoints      WHS(ns)      THS(ns)  THS Failing Endpoints  THS Total Endpoints  
----------    ----------    --------          -------      -------  ---------------------  -------------------      -------      -------  ---------------------  -------------------  


------------------------------------------------------------------------------------------------
| Timing Details
| --------------
------------------------------------------------------------------------------------------------


---------------------------------------------------------------------------------------------------
From Clock:  sys_clk_pin
  To Clock:  sys_clk_pin

Setup :          387  Failing Endpoints,  Worst Slack       -1.037ns,  Total Violation     -215.437ns
Hold  :            0  Failing Endpoints,  Worst Slack        0.139ns,  Total Violation        0.000ns
PW    :            0  Failing Endpoints,  Worst Slack        4.876ns,  Total Violation        0.000ns
---------------------------------------------------------------------------------------------------


Max Delay Paths
--------------------------------------------------------------------------------------
Slack (VIOLATED) :        -1.037ns  (required time - arrival time)
  Source:                 cpu_inst/data_mem_inst/mem_reg/CLKARDCLK
                            (rising edge-triggered cell RAMB18E1 clocked by sys_clk_pin  {rise@0.000ns fall@5.376ns period=10.753ns})
  Destination:            cpu_inst/instr_mem_inst/instruction_reg/ADDRARDADDR[10]
                            (rising edge-triggered cell RAMB18E1 clocked by sys_clk_pin  {rise@0.000ns fall@5.376ns period=10.753ns})
  Path Group:             sys_clk_pin
  Path Type:              Setup (Max at Slow Process Corner)
  Requirement:            10.753ns  (sys_clk_pin rise@10.753ns - sys_clk_pin rise@0.000ns)
  Data Path Delay:        11.043ns  (logic 4.658ns (42.179%)  route 6.385ns (57.821%))
  Logic Levels:           12  (CARRY4=3 LUT3=2 LUT4=2 LUT5=3 LUT6=2)
  Clock Path Skew:        -0.145ns (DCD - SCD + CPR)
    Destination Clock Delay (DCD):    2.678ns = ( 13.431 - 10.753 ) 
    Source Clock Delay      (SCD):    2.938ns
    Clock Pessimism Removal (CPR):    0.115ns
  Clock Uncertainty:      0.035ns  ((TSJ^2 + TIJ^2)^1/2 + DJ) / 2 + PE
    Total System Jitter     (TSJ):    0.071ns
    Total Input Jitter      (TIJ):    0.000ns
    Discrete Jitter          (DJ):    0.000ns
    Phase Error              (PE):    0.000ns

    Location             Delay type                Incr(ns)  Path(ns)    Netlist Resource(s)
  -------------------------------------------------------------------    -------------------
                         (clock sys_clk_pin rise edge)
                                                      0.000     0.000 r  <hidden>
    W5                                                0.000     0.000 r  clk
                         net (fo=0)                   0.000     0.000    clk
    W5                   IBUF (Prop_ibuf_I_O)         1.458     1.458 r  clk_IBUF_inst/O
                         net (fo=1, unplaced)         0.800     2.258    clk_IBUF
                         BUFG (Prop_bufg_I_O)         0.096     2.354 r  clk_IBUF_BUFG_inst/O
                         net (fo=1820, unplaced)      0.584     2.938    cpu_inst/data_mem_inst/clk_IBUF_BUFG
                         RAMB18E1                                     r  cpu_inst/data_mem_inst/mem_reg/CLKARDCLK
  -------------------------------------------------------------------    -------------------
                         RAMB18E1 (Prop_ramb18e1_CLKARDCLK_DOADO[4])
                                                      2.454     5.392 r  cpu_inst/data_mem_inst/mem_reg/DOADO[4]
                         net (fo=4, unplaced)         0.800     6.192    cpu_inst/data_mem_inst/read_data[4]
                         LUT3 (Prop_lut3_I0_O)        0.124     6.316 r  cpu_inst/data_mem_inst/deferred_load_data[4]_i_1/O
                         net (fo=6, unplaced)         0.934     7.250    cpu_inst/data_mem_inst/data2[4]
                         LUT5 (Prop_lut5_I4_O)        0.124     7.374 r  cpu_inst/data_mem_inst/ex_alu_result0_i_4/O
                         net (fo=3, unplaced)         0.467     7.841    cpu_inst/dot4acc_pipeline_inst/A[4]
                         LUT3 (Prop_lut3_I2_O)        0.124     7.965 r  cpu_inst/dot4acc_pipeline_inst/redirect_pending_target[31]_i_32/O
                         net (fo=1, unplaced)         0.902     8.867    cpu_inst/dot4acc_pipeline_inst/redirect_pending_target[31]_i_32_n_0
                         LUT6 (Prop_lut6_I1_O)        0.124     8.991 r  cpu_inst/dot4acc_pipeline_inst/redirect_pending_target[31]_i_23/O
                         net (fo=1, unplaced)         0.000     8.991    cpu_inst/dot4acc_pipeline_inst/redirect_pending_target[31]_i_23_n_0
                         CARRY4 (Prop_carry4_S[1]_CO[3])
                                                      0.533     9.524 r  cpu_inst/dot4acc_pipeline_inst/redirect_pending_target_reg[31]_i_16/CO[3]
                         net (fo=1, unplaced)         0.009     9.533    cpu_inst/dot4acc_pipeline_inst/redirect_pending_target_reg[31]_i_16_n_0
                         CARRY4 (Prop_carry4_CI_CO[3])
                                                      0.117     9.650 r  cpu_inst/dot4acc_pipeline_inst/redirect_pending_target_reg[31]_i_12/CO[3]
                         net (fo=1, unplaced)         0.000     9.650    cpu_inst/dot4acc_pipeline_inst/redirect_pending_target_reg[31]_i_12_n_0
                         CARRY4 (Prop_carry4_CI_CO[2])
                                                      0.252     9.902 f  cpu_inst/dot4acc_pipeline_inst/redirect_pending_target_reg[31]_i_5/CO[2]
                         net (fo=18, unplaced)        0.509    10.411    cpu_inst/dot4acc_pipeline_inst/ex_branch_taken0
                         LUT4 (Prop_lut4_I3_O)        0.310    10.721 f  cpu_inst/dot4acc_pipeline_inst/led_OBUF[12]_inst_i_6/O
                         net (fo=42, unplaced)        0.527    11.248    cpu_inst/dot4acc_pipeline_inst/led_OBUF[12]_inst_i_6_n_0
                         LUT4 (Prop_lut4_I0_O)        0.124    11.372 r  cpu_inst/dot4acc_pipeline_inst/id_ex_reg[pc][31]_i_11/O
                         net (fo=1, unplaced)         0.449    11.821    cpu_inst/dot4acc_pipeline_inst/id_ex_reg[pc][31]_i_11_n_0
                         LUT6 (Prop_lut6_I5_O)        0.124    11.945 f  cpu_inst/dot4acc_pipeline_inst/id_ex_reg[pc][31]_i_3/O
                         net (fo=13, unplaced)        0.499    12.444    cpu_inst/dot4acc_pipeline_inst/id_ex_reg[pc][31]_i_3_n_0
                         LUT5 (Prop_lut5_I4_O)        0.124    12.568 r  cpu_inst/dot4acc_pipeline_inst/instruction_reg_i_11/O
                         net (fo=9, unplaced)         0.490    13.058    cpu_inst/dot4acc_pipeline_inst/instruction_reg_i_11_n_0
                         LUT5 (Prop_lut5_I3_O)        0.124    13.182 r  cpu_inst/dot4acc_pipeline_inst/instruction_reg_i_3/O
                         net (fo=2, unplaced)         0.800    13.982    cpu_inst/instr_mem_inst/ADDRARDADDR[6]
                         RAMB18E1                                     r  cpu_inst/instr_mem_inst/instruction_reg/ADDRARDADDR[10]
  -------------------------------------------------------------------    -------------------

                         (clock sys_clk_pin rise edge)
                                                     10.753    10.753 r  <hidden>
    W5                                                0.000    10.753 r  clk
                         net (fo=0)                   0.000    10.753    clk
    W5                   IBUF (Prop_ibuf_I_O)         1.388    12.141 r  clk_IBUF_inst/O
                         net (fo=1, unplaced)         0.760    12.901    clk_IBUF
                         BUFG (Prop_bufg_I_O)         0.091    12.992 r  clk_IBUF_BUFG_inst/O
                         net (fo=1820, unplaced)      0.439    13.431    cpu_inst/instr_mem_inst/clk_IBUF_BUFG
                         RAMB18E1                                     r  cpu_inst/instr_mem_inst/instruction_reg/CLKARDCLK
                         clock pessimism              0.115    13.546    <hidden>
                         clock uncertainty           -0.035    13.511    <hidden>
                         RAMB18E1 (Setup_ramb18e1_CLKARDCLK_ADDRARDADDR[10])
                                                     -0.566    12.945    cpu_inst/instr_mem_inst/instruction_reg
  -------------------------------------------------------------------
                         required time                         12.945    <hidden>
                         arrival time                         -13.982    <hidden>
  -------------------------------------------------------------------
                         slack                                 -1.037    <hidden>





Min Delay Paths
--------------------------------------------------------------------------------------
Slack (MET) :             0.139ns  (arrival time - required time)
  Source:                 cpu_inst/fetch_pending_pc_reg[1]/C
                            (rising edge-triggered cell FDRE clocked by sys_clk_pin  {rise@0.000ns fall@5.376ns period=10.753ns})
  Destination:            cpu_inst/if_id_reg_reg[pc][1]/D
                            (rising edge-triggered cell FDRE clocked by sys_clk_pin  {rise@0.000ns fall@5.376ns period=10.753ns})
  Path Group:             sys_clk_pin
  Path Type:              Hold (Min at Fast Process Corner)
  Requirement:            0.000ns  (sys_clk_pin rise@0.000ns - sys_clk_pin rise@0.000ns)
  Data Path Delay:        0.375ns  (logic 0.239ns (63.779%)  route 0.136ns (36.221%))
  Logic Levels:           1  (LUT3=1)
  Clock Path Skew:        0.145ns (DCD - SCD - CPR)
    Destination Clock Delay (DCD):    1.057ns
    Source Clock Delay      (SCD):    0.704ns
    Clock Pessimism Removal (CPR):    0.208ns

    Location             Delay type                Incr(ns)  Path(ns)    Netlist Resource(s)
  -------------------------------------------------------------------    -------------------
                         (clock sys_clk_pin rise edge)
                                                      0.000     0.000 r  <hidden>
    W5                                                0.000     0.000 r  clk
                         net (fo=0)                   0.000     0.000    clk
    W5                   IBUF (Prop_ibuf_I_O)         0.226     0.226 r  clk_IBUF_inst/O
                         net (fo=1, unplaced)         0.337     0.564    clk_IBUF
                         BUFG (Prop_bufg_I_O)         0.026     0.590 r  clk_IBUF_BUFG_inst/O
                         net (fo=1820, unplaced)      0.114     0.704    cpu_inst/clk_IBUF_BUFG
                         FDRE                                         r  cpu_inst/fetch_pending_pc_reg[1]/C
  -------------------------------------------------------------------    -------------------
                         FDRE (Prop_fdre_C_Q)         0.141     0.845 r  cpu_inst/fetch_pending_pc_reg[1]/Q
                         net (fo=2, unplaced)         0.136     0.980    cpu_inst/fetch_pending_pc_reg_n_0_[1]
                         LUT3 (Prop_lut3_I2_O)        0.098     1.078 r  cpu_inst/if_id_reg[pc][1]_i_1/O
                         net (fo=1, unplaced)         0.000     1.078    cpu_inst/accepted_fetch_pc[1]
                         FDRE                                         r  cpu_inst/if_id_reg_reg[pc][1]/D
  -------------------------------------------------------------------    -------------------

                         (clock sys_clk_pin rise edge)
                                                      0.000     0.000 r  <hidden>
    W5                                                0.000     0.000 r  clk
                         net (fo=0)                   0.000     0.000    clk
    W5                   IBUF (Prop_ibuf_I_O)         0.414     0.414 r  clk_IBUF_inst/O
                         net (fo=1, unplaced)         0.355     0.769    clk_IBUF
                         BUFG (Prop_bufg_I_O)         0.029     0.798 r  clk_IBUF_BUFG_inst/O
                         net (fo=1820, unplaced)      0.259     1.057    cpu_inst/clk_IBUF_BUFG
                         FDRE                                         r  cpu_inst/if_id_reg_reg[pc][1]/C
                         clock pessimism             -0.208     0.849    <hidden>
                         FDRE (Hold_fdre_C_D)         0.091     0.940    cpu_inst/if_id_reg_reg[pc][1]
  -------------------------------------------------------------------
                         required time                         -0.940    <hidden>
                         arrival time                           1.078    <hidden>
  -------------------------------------------------------------------
                         slack                                  0.139    <hidden>





Pulse Width Checks
--------------------------------------------------------------------------------------
Clock Name:         sys_clk_pin
Waveform(ns):       { 0.000 5.376 }
Period(ns):         10.753
Sources:            { clk }

Check Type        Corner  Lib Pin      Reference Pin  Required(ns)  Actual(ns)  Slack(ns)  Location  Pin
Min Period        n/a     DSP48E1/CLK  n/a            3.884         10.753      6.869                cpu_inst/dot4acc_pipeline_inst/product0_reg_reg/CLK
Low Pulse Width   Slow    FDRE/C       n/a            0.500         5.377       4.877                cpu_inst/deferred_load_data_reg[0]/C
High Pulse Width  Slow    FDRE/C       n/a            0.500         5.376       4.876                cpu_inst/deferred_load_data_reg[0]/C



