Copyright 1986-2022 Xilinx, Inc. All Rights Reserved. Copyright 2022-2026 Advanced Micro Devices, Inc. All Rights Reserved.
---------------------------------------------------------------------------------------------------------------------------------------------
| Tool Version : Vivado v.2026.1 (win64) Build 6511674 Tue Jun 16 11:02:23 MDT 2026
| Date         : Mon Oct  5 20:41:57 2026
| Host         : DESKTOP-4GB7DVJ running 64-bit major release  (build 9200)
| Command      : report_timing_summary -return_string
| Design       : fpga_top_pipeline_dot4acc_memopt_h13b_timingopt_t2
| Device       : 7a35t-cpg236
| Speed File   : -1  PRODUCTION 1.23 2018-06-13
| Design State : Routed
---------------------------------------------------------------------------------------------------------------------------------------------

Timing Summary Report

------------------------------------------------------------------------------------------------
| Timer Settings
| --------------
------------------------------------------------------------------------------------------------

  Enable Multi Corner Analysis               :  Yes
  Enable Pessimism Removal                   :  Yes
  Pessimism Removal Resolution               :  Nearest Common Node
  Enable Input Delay Default Clock           :  No
  Enable Preset / Clear Arcs                 :  No
  Disable Flight Delays                      :  No
  Ignore I/O Paths                           :  No
  Timing Early Launch at Borrowing Latches   :  No
  Borrow Time for Max Delay Exceptions       :  Yes
  Merge Timing Exceptions                    :  Yes
  Inter-SLR Compensation                     :  Conservative

  Corner  Analyze    Analyze    
  Name    Max Paths  Min Paths  
  ------  ---------  ---------  
  Slow    Yes        Yes        
  Fast    Yes        Yes        


------------------------------------------------------------------------------------------------
| Report Methodology
| ------------------
------------------------------------------------------------------------------------------------

No report available as report_methodology has not been run prior. Run report_methodology on the current design for the summary of methodology violations.



check_timing report

Table of Contents
-----------------
1. checking no_clock (0)
2. checking constant_clock (0)
3. checking pulse_width_clock (0)
4. checking unconstrained_internal_endpoints (0)
5. checking no_input_delay (2)
6. checking no_output_delay (16)
7. checking multiple_clock (0)
8. checking generated_clocks (0)
9. checking loops (0)
10. checking partial_input_delay (0)
11. checking partial_output_delay (0)
12. checking latch_loops (0)

1. checking no_clock (0)
------------------------
 There are 0 register/latch pins with no clock.


2. checking constant_clock (0)
------------------------------
 There are 0 register/latch pins with constant_clock.


3. checking pulse_width_clock (0)
---------------------------------
 There are 0 register/latch pins which need pulse_width check


4. checking unconstrained_internal_endpoints (0)
------------------------------------------------
 There are 0 pins that are not constrained for maximum delay.

 There are 0 pins that are not constrained for maximum delay due to constant clock.


5. checking no_input_delay (2)
------------------------------
 There are 2 input ports with no input delay specified. (HIGH)

 There are 0 input ports with no input delay but user has a false path constraint.


6. checking no_output_delay (16)
--------------------------------
 There are 16 ports with no output delay specified. (HIGH)

 There are 0 ports with no output delay but user has a false path constraint

 There are 0 ports with no output delay but with a timing clock defined on it or propagating through it


7. checking multiple_clock (0)
------------------------------
 There are 0 register/latch pins with multiple clocks.


8. checking generated_clocks (0)
--------------------------------
 There are 0 generated clocks that are not connected to a clock source.


9. checking loops (0)
---------------------
 There are 0 combinational loops in the design.


10. checking partial_input_delay (0)
------------------------------------
 There are 0 input ports with partial input delay specified.


11. checking partial_output_delay (0)
-------------------------------------
 There are 0 ports with partial output delay specified.


12. checking latch_loops (0)
----------------------------
 There are 0 combinational latch loops in the design through latch input



------------------------------------------------------------------------------------------------
| Design Timing Summary
| ---------------------
------------------------------------------------------------------------------------------------

    WNS(ns)      TNS(ns)  TNS Failing Endpoints  TNS Total Endpoints      WHS(ns)      THS(ns)  THS Failing Endpoints  THS Total Endpoints     WPWS(ns)     TPWS(ns)  TPWS Failing Endpoints  TPWS Total Endpoints  
    -------      -------  ---------------------  -------------------      -------      -------  ---------------------  -------------------     --------     --------  ----------------------  --------------------  
      0.230        0.000                      0                 4150        0.059        0.000                      0                 4150        4.876        0.000                       0                  1821  


All user specified timing constraints are met.


------------------------------------------------------------------------------------------------
| Clock Summary
| -------------
------------------------------------------------------------------------------------------------

Clock        Waveform(ns)       Period(ns)      Frequency(MHz)
-----        ------------       ----------      --------------
sys_clk_pin  {0.000 5.376}      10.753          92.997          


------------------------------------------------------------------------------------------------
| Intra Clock Table
| -----------------
------------------------------------------------------------------------------------------------

Clock             WNS(ns)      TNS(ns)  TNS Failing Endpoints  TNS Total Endpoints      WHS(ns)      THS(ns)  THS Failing Endpoints  THS Total Endpoints     WPWS(ns)     TPWS(ns)  TPWS Failing Endpoints  TPWS Total Endpoints  
-----             -------      -------  ---------------------  -------------------      -------      -------  ---------------------  -------------------     --------     --------  ----------------------  --------------------  
sys_clk_pin         0.230        0.000                      0                 4150        0.059        0.000                      0                 4150        4.876        0.000                       0                  1821  


------------------------------------------------------------------------------------------------
| Inter Clock Table
| -----------------
------------------------------------------------------------------------------------------------

From Clock    To Clock          WNS(ns)      TNS(ns)  TNS Failing Endpoints  TNS Total Endpoints      WHS(ns)      THS(ns)  THS Failing Endpoints  THS Total Endpoints  
----------    --------          -------      -------  ---------------------  -------------------      -------      -------  ---------------------  -------------------  


------------------------------------------------------------------------------------------------
| Other Path Groups Table
| -----------------------
------------------------------------------------------------------------------------------------

Path Group    From Clock    To Clock          WNS(ns)      TNS(ns)  TNS Failing Endpoints  TNS Total Endpoints      WHS(ns)      THS(ns)  THS Failing Endpoints  THS Total Endpoints  
----------    ----------    --------          -------      -------  ---------------------  -------------------      -------      -------  ---------------------  -------------------  


------------------------------------------------------------------------------------------------
| Timing Details
| --------------
------------------------------------------------------------------------------------------------


---------------------------------------------------------------------------------------------------
From Clock:  sys_clk_pin
  To Clock:  sys_clk_pin

Setup :            0  Failing Endpoints,  Worst Slack        0.230ns,  Total Violation        0.000ns
Hold  :            0  Failing Endpoints,  Worst Slack        0.059ns,  Total Violation        0.000ns
PW    :            0  Failing Endpoints,  Worst Slack        4.876ns,  Total Violation        0.000ns
---------------------------------------------------------------------------------------------------


Max Delay Paths
--------------------------------------------------------------------------------------
Slack (MET) :             0.230ns  (required time - arrival time)
  Source:                 cpu_inst/data_mem_inst/mem_reg/CLKARDCLK
                            (rising edge-triggered cell RAMB18E1 clocked by sys_clk_pin  {rise@0.000ns fall@5.376ns period=10.753ns})
  Destination:            cpu_inst/id_ex_reg_reg[operand_b][16]/R
                            (rising edge-triggered cell FDRE clocked by sys_clk_pin  {rise@0.000ns fall@5.376ns period=10.753ns})
  Path Group:             sys_clk_pin
  Path Type:              Setup (Max at Slow Process Corner)
  Requirement:            10.753ns  (sys_clk_pin rise@10.753ns - sys_clk_pin rise@0.000ns)
  Data Path Delay:        9.878ns  (logic 4.651ns (47.085%)  route 5.227ns (52.915%))
  Logic Levels:           12  (CARRY4=3 LUT3=3 LUT4=2 LUT5=2 LUT6=2)
  Clock Path Skew:        -0.085ns (DCD - SCD + CPR)
    Destination Clock Delay (DCD):    4.786ns = ( 15.539 - 10.753 ) 
    Source Clock Delay      (SCD):    5.132ns
    Clock Pessimism Removal (CPR):    0.260ns
  Clock Uncertainty:      0.035ns  ((TSJ^2 + TIJ^2)^1/2 + DJ) / 2 + PE
    Total System Jitter     (TSJ):    0.071ns
    Total Input Jitter      (TIJ):    0.000ns
    Discrete Jitter          (DJ):    0.000ns
    Phase Error              (PE):    0.000ns

    Location             Delay type                Incr(ns)  Path(ns)    Netlist Resource(s)
  -------------------------------------------------------------------    -------------------
                         (clock sys_clk_pin rise edge)
                                                      0.000     0.000 r  <hidden>
    W5                                                0.000     0.000 r  clk
                         net (fo=0)                   0.000     0.000    clk
    W5                   IBUF (Prop_ibuf_I_O)         1.458     1.458 r  clk_IBUF_inst/O
                         net (fo=1, routed)           1.967     3.425    clk_IBUF
    BUFGCTRL_X0Y0        BUFG (Prop_bufg_I_O)         0.096     3.521 r  clk_IBUF_BUFG_inst/O
                         net (fo=1820, routed)        1.611     5.132    cpu_inst/data_mem_inst/clk_IBUF_BUFG
    RAMB18_X0Y2          RAMB18E1                                     r  cpu_inst/data_mem_inst/mem_reg/CLKARDCLK
  -------------------------------------------------------------------    -------------------
    RAMB18_X0Y2          RAMB18E1 (Prop_ramb18e1_CLKARDCLK_DOADO[5])
                                                      2.454     7.586 r  cpu_inst/data_mem_inst/mem_reg/DOADO[5]
                         net (fo=3, routed)           0.654     8.240    cpu_inst/data_mem_inst/read_data[5]
    SLICE_X9Y5           LUT3 (Prop_lut3_I0_O)        0.124     8.364 r  cpu_inst/data_mem_inst/deferred_load_data[5]_i_1/O
                         net (fo=7, routed)           0.631     8.995    cpu_inst/data_mem_inst/data2[5]
    SLICE_X10Y5          LUT5 (Prop_lut5_I4_O)        0.124     9.119 r  cpu_inst/data_mem_inst/ex_alu_result0_i_3/O
                         net (fo=3, routed)           0.335     9.454    cpu_inst/dot4acc_pipeline_inst/A[5]
    SLICE_X10Y6          LUT3 (Prop_lut3_I2_O)        0.124     9.578 r  cpu_inst/dot4acc_pipeline_inst/redirect_pending_target[31]_i_34/O
                         net (fo=1, routed)           0.788    10.366    cpu_inst/dot4acc_pipeline_inst/redirect_pending_target[31]_i_34_n_0
    SLICE_X9Y8           LUT6 (Prop_lut6_I3_O)        0.124    10.490 r  cpu_inst/dot4acc_pipeline_inst/redirect_pending_target[31]_i_23/O
                         net (fo=1, routed)           0.000    10.490    cpu_inst/dot4acc_pipeline_inst/redirect_pending_target[31]_i_23_n_0
    SLICE_X9Y8           CARRY4 (Prop_carry4_S[1]_CO[3])
                                                      0.550    11.040 r  cpu_inst/dot4acc_pipeline_inst/redirect_pending_target_reg[31]_i_16/CO[3]
                         net (fo=1, routed)           0.000    11.040    cpu_inst/dot4acc_pipeline_inst/redirect_pending_target_reg[31]_i_16_n_0
    SLICE_X9Y9           CARRY4 (Prop_carry4_CI_CO[3])
                                                      0.114    11.154 r  cpu_inst/dot4acc_pipeline_inst/redirect_pending_target_reg[31]_i_12/CO[3]
                         net (fo=1, routed)           0.000    11.154    cpu_inst/dot4acc_pipeline_inst/redirect_pending_target_reg[31]_i_12_n_0
    SLICE_X9Y10          CARRY4 (Prop_carry4_CI_CO[2])
                                                      0.228    11.382 r  cpu_inst/dot4acc_pipeline_inst/redirect_pending_target_reg[31]_i_5/CO[2]
                         net (fo=18, routed)          0.472    11.854    cpu_inst/dot4acc_pipeline_inst/ex_branch_taken0
    SLICE_X7Y10          LUT4 (Prop_lut4_I3_O)        0.313    12.167 r  cpu_inst/dot4acc_pipeline_inst/led_OBUF[12]_inst_i_6/O
                         net (fo=42, routed)          0.441    12.609    cpu_inst/dot4acc_pipeline_inst/led_OBUF[12]_inst_i_6_n_0
    SLICE_X5Y10          LUT4 (Prop_lut4_I0_O)        0.124    12.733 f  cpu_inst/dot4acc_pipeline_inst/id_ex_reg[pc][31]_i_11/O
                         net (fo=1, routed)           0.154    12.887    cpu_inst/dot4acc_pipeline_inst/id_ex_reg[pc][31]_i_11_n_0
    SLICE_X5Y10          LUT6 (Prop_lut6_I5_O)        0.124    13.011 r  cpu_inst/dot4acc_pipeline_inst/id_ex_reg[pc][31]_i_3/O
                         net (fo=13, routed)          0.356    13.367    cpu_inst/dot4acc_pipeline_inst/id_ex_reg[pc][31]_i_3_n_0
    SLICE_X7Y10          LUT5 (Prop_lut5_I2_O)        0.124    13.491 r  cpu_inst/dot4acc_pipeline_inst/id_ex_reg[operand_b][31]_i_4/O
                         net (fo=3, routed)           0.427    13.918    cpu_inst/dot4acc_pipeline_inst/id_ex_reg[operand_b][31]_i_4_n_0
    SLICE_X7Y12          LUT3 (Prop_lut3_I1_O)        0.124    14.042 r  cpu_inst/dot4acc_pipeline_inst/id_ex_reg[operand_b][31]_i_1/O
                         net (fo=32, routed)          0.968    15.010    cpu_inst/dot4acc_pipeline_inst_n_1
    SLICE_X10Y15         FDRE                                         r  cpu_inst/id_ex_reg_reg[operand_b][16]/R
  -------------------------------------------------------------------    -------------------

                         (clock sys_clk_pin rise edge)
                                                     10.753    10.753 r  <hidden>
    W5                                                0.000    10.753 r  clk
                         net (fo=0)                   0.000    10.753    clk
    W5                   IBUF (Prop_ibuf_I_O)         1.388    12.141 r  clk_IBUF_inst/O
                         net (fo=1, routed)           1.862    14.003    clk_IBUF
    BUFGCTRL_X0Y0        BUFG (Prop_bufg_I_O)         0.091    14.094 r  clk_IBUF_BUFG_inst/O
                         net (fo=1820, routed)        1.445    15.539    cpu_inst/clk_IBUF_BUFG
    SLICE_X10Y15         FDRE                                         r  cpu_inst/id_ex_reg_reg[operand_b][16]/C
                         clock pessimism              0.260    15.799    <hidden>
                         clock uncertainty           -0.035    15.764    <hidden>
    SLICE_X10Y15         FDRE (Setup_fdre_C_R)       -0.524    15.240    cpu_inst/id_ex_reg_reg[operand_b][16]
  -------------------------------------------------------------------
                         required time                         15.240    <hidden>
                         arrival time                         -15.010    <hidden>
  -------------------------------------------------------------------
                         slack                                  0.230    <hidden>





Min Delay Paths
--------------------------------------------------------------------------------------
Slack (MET) :             0.059ns  (arrival time - required time)
  Source:                 cpu_inst/ex_mem_reg_reg[store_data][0]/C
                            (rising edge-triggered cell FDRE clocked by sys_clk_pin  {rise@0.000ns fall@5.376ns period=10.753ns})
  Destination:            cpu_inst/data_mem_inst/mem_reg/DIADI[0]
                            (rising edge-triggered cell RAMB18E1 clocked by sys_clk_pin  {rise@0.000ns fall@5.376ns period=10.753ns})
  Path Group:             sys_clk_pin
  Path Type:              Hold (Min at Fast Process Corner)
  Requirement:            0.000ns  (sys_clk_pin rise@0.000ns - sys_clk_pin rise@0.000ns)
  Data Path Delay:        0.272ns  (logic 0.141ns (51.888%)  route 0.131ns (48.112%))
  Logic Levels:           0  
  Clock Path Skew:        0.057ns (DCD - SCD - CPR)
    Destination Clock Delay (DCD):    2.005ns
    Source Clock Delay      (SCD):    1.449ns
    Clock Pessimism Removal (CPR):    0.498ns

    Location             Delay type                Incr(ns)  Path(ns)    Netlist Resource(s)
  -------------------------------------------------------------------    -------------------
                         (clock sys_clk_pin rise edge)
                                                      0.000     0.000 r  <hidden>
    W5                                                0.000     0.000 r  clk
                         net (fo=0)                   0.000     0.000    clk
    W5                   IBUF (Prop_ibuf_I_O)         0.226     0.226 r  clk_IBUF_inst/O
                         net (fo=1, routed)           0.631     0.858    clk_IBUF
    BUFGCTRL_X0Y0        BUFG (Prop_bufg_I_O)         0.026     0.884 r  clk_IBUF_BUFG_inst/O
                         net (fo=1820, routed)        0.566     1.449    cpu_inst/clk_IBUF_BUFG
    SLICE_X9Y5           FDRE                                         r  cpu_inst/ex_mem_reg_reg[store_data][0]/C
  -------------------------------------------------------------------    -------------------
    SLICE_X9Y5           FDRE (Prop_fdre_C_Q)         0.141     1.590 r  cpu_inst/ex_mem_reg_reg[store_data][0]/Q
                         net (fo=1, routed)           0.131     1.721    cpu_inst/data_mem_inst/mem_reg_48[0]
    RAMB18_X0Y2          RAMB18E1                                     r  cpu_inst/data_mem_inst/mem_reg/DIADI[0]
  -------------------------------------------------------------------    -------------------

                         (clock sys_clk_pin rise edge)
                                                      0.000     0.000 r  <hidden>
    W5                                                0.000     0.000 r  clk
                         net (fo=0)                   0.000     0.000    clk
    W5                   IBUF (Prop_ibuf_I_O)         0.414     0.414 r  clk_IBUF_inst/O
                         net (fo=1, routed)           0.685     1.099    clk_IBUF
    BUFGCTRL_X0Y0        BUFG (Prop_bufg_I_O)         0.029     1.128 r  clk_IBUF_BUFG_inst/O
                         net (fo=1820, routed)        0.877     2.005    cpu_inst/data_mem_inst/clk_IBUF_BUFG
    RAMB18_X0Y2          RAMB18E1                                     r  cpu_inst/data_mem_inst/mem_reg/CLKARDCLK
                         clock pessimism             -0.498     1.507    <hidden>
    RAMB18_X0Y2          RAMB18E1 (Hold_ramb18e1_CLKARDCLK_DIADI[0])
                                                      0.155     1.662    cpu_inst/data_mem_inst/mem_reg
  -------------------------------------------------------------------
                         required time                         -1.662    <hidden>
                         arrival time                           1.721    <hidden>
  -------------------------------------------------------------------
                         slack                                  0.059    <hidden>





Pulse Width Checks
--------------------------------------------------------------------------------------
Clock Name:         sys_clk_pin
Waveform(ns):       { 0.000 5.376 }
Period(ns):         10.753
Sources:            { clk }

Check Type        Corner  Lib Pin      Reference Pin  Required(ns)  Actual(ns)  Slack(ns)  Location     Pin
Min Period        n/a     DSP48E1/CLK  n/a            3.884         10.753      6.869      DSP48_X0Y1   cpu_inst/dot4acc_pipeline_inst/product0_reg_reg/CLK
Low Pulse Width   Slow    FDRE/C       n/a            0.500         5.377       4.877      SLICE_X12Y3  cpu_inst/deferred_load_data_reg[0]/C
High Pulse Width  Slow    FDRE/C       n/a            0.500         5.376       4.876      SLICE_X12Y3  cpu_inst/deferred_load_data_reg[0]/C




